[Continents]
North_Europe=5
East_Europe=4
South_Europe=5
West_Europe=3

[Territories]
England,North_Europe,Denmark,France,Belgum,Netherlands,Wales,Scotland,N_Ireland,Rep_Ireland
Scotland,North_Europe,Denmark,England,N_Ireland
N_Ireland,North_Europe,England,Scotland
Rep_Ireland,North_Europe,Spain,England,Wales
Wales,North_Europe,England,Rep_Ireland
Belgum,North_Europe,Germany,France,Luxembourg,Netherlands,England
Netherlands,North_Europe,Germany,Belgum,England
Denmark,East_Europe,Poland,Germany,Scotland,England
Germany,East_Europe,Switzerland,Austria,Czech_Rep,Poland,Denmark,Netherlands,Belgum,Luxembourg
Poland,East_Europe,Slovakia,Czech_Rep,Denmark,Germany
Czech_Rep,East_Europe,Austria,Slovakia,Germany,Poland
Slovakia,East_Europe,Austria,Hungary,Poland,Czech_Rep
Hungary,South_Europe,Austria,Slovakia
Austria,South_Europe,Italy,Switzerland,Hungary,Germany,Czech_Rep,Slovakia
Switzerland,South_Europe,Italy,Austria,Germany,France
Italy,South_Europe,Sardinia,Sicily,Switzerland,Austria
Sicily,South_Europe,Sardinia,Italy
Sardinia,South_Europe,Majorca,Sicily,Corsica,Italy
Corsica,South_Europe,Majorca,Sardinia
Majorca,West_Europe,Spain,Corsica,Sardinia
France,West_Europe,Spain,Switzerland,Luxembourg,Belgum,England
Spain,West_Europe,Portugal,Rep_Ireland,Majorca,France
Portugal,West_Europe,Spain
Luxembourg,West_Europe,Germany,France,Belgum
